// Jest Snapshot v1, https://goo.gl/fbAQLP

exports[`renders ./components/result/demo/basic.md correctly 1`] = `
<div
  class="ant-result"
>
  <div
    class="ant-result-icon-view ant-result-success"
  >
    <i
      aria-label="icon: check-circle"
      class="anticon anticon-check-circle"
    >
      <svg
        aria-hidden="true"
        class=""
        data-icon="check-circle"
        fill="currentColor"
        focusable="false"
        height="1em"
        viewBox="64 64 896 896"
        width="1em"
      >
        <path
          d="M512 64C264.6 64 64 264.6 64 512s200.6 448 448 448 448-200.6 448-448S759.4 64 512 64zm193.5 301.7l-210.6 292a31.8 31.8 0 0 1-51.7 0L318.5 484.9c-3.8-5.3 0-12.7 6.5-12.7h46.9c10.2 0 19.9 4.9 25.9 13.3l71.2 98.8 157.2-218c6-8.3 15.6-13.3 25.9-13.3H699c6.5 0 10.3 7.4 6.5 12.7z"
        />
      </svg>
    </i>
  </div>
  <div
    class="ant-result-title-view"
  >
    <div
      class="ant-result-title-view-title"
    >
      Successfully Purchased Cloud Server ECS!
    </div>
    <div
      class="ant-result-title-view-subtitle"
    >
      Order number: 2017182818828182881 Cloud server configuration takes 1-5 minutes, please wait.
    </div>
  </div>
  <div
    class="ant-result-extra-view"
  >
    <button
      class="ant-btn ant-btn-primary"
      type="button"
    >
      <span>
        Go Console
      </span>
    </button>
    <button
      class="ant-btn"
      type="button"
    >
      <span>
        Buy Again
      </span>
    </button>
  </div>
</div>
`;

exports[`renders ./components/result/demo/complex.md correctly 1`] = `
<div
  class="ant-result"
>
  <div
    class="ant-result-icon-view ant-result-error"
  >
    <i
      aria-label="icon: close-circle"
      class="anticon anticon-close-circle"
    >
      <svg
        aria-hidden="true"
        class=""
        data-icon="close-circle"
        fill="currentColor"
        focusable="false"
        height="1em"
        viewBox="64 64 896 896"
        width="1em"
      >
        <path
          d="M512 64C264.6 64 64 264.6 64 512s200.6 448 448 448 448-200.6 448-448S759.4 64 512 64zm165.4 618.2l-66-.3L512 563.4l-99.3 118.4-66.1.3c-4.4 0-8-3.5-8-8 0-1.9.7-3.7 1.9-5.2l130.1-155L340.5 359a8.32 8.32 0 0 1-1.9-5.2c0-4.4 3.6-8 8-8l66.1.3L512 464.6l99.3-118.4 66-.3c4.4 0 8 3.5 8 8 0 1.9-.7 3.7-1.9 5.2L553.5 514l130 155c1.2 1.5 1.9 3.3 1.9 5.2 0 4.4-3.6 8-8 8z"
        />
      </svg>
    </i>
  </div>
  <div
    class="ant-result-title-view"
  >
    <div
      class="ant-result-title-view-title"
    >
      Submission Failed
    </div>
    <div
      class="ant-result-title-view-subtitle"
    >
      Please check and modify the following information before resubmitting.
    </div>
  </div>
  <div
    class="ant-result-content"
  >
    <p>
      The content you submitted has the following error:
    </p>
    <div
      class="desc"
    >
      <span>
        <i
          aria-label="icon: close-circle"
          class="anticon anticon-close-circle"
        >
          <svg
            aria-hidden="true"
            class=""
            data-icon="close-circle"
            fill="currentColor"
            focusable="false"
            height="1em"
            viewBox="64 64 896 896"
            width="1em"
          >
            <path
              d="M685.4 354.8c0-4.4-3.6-8-8-8l-66 .3L512 465.6l-99.3-118.4-66.1-.3c-4.4 0-8 3.5-8 8 0 1.9.7 3.7 1.9 5.2l130.1 155L340.5 670a8.32 8.32 0 0 0-1.9 5.2c0 4.4 3.6 8 8 8l66.1-.3L512 564.4l99.3 118.4 66 .3c4.4 0 8-3.5 8-8 0-1.9-.7-3.7-1.9-5.2L553.5 515l130.1-155c1.2-1.4 1.8-3.3 1.8-5.2z"
            />
            <path
              d="M512 65C264.6 65 64 265.6 64 513s200.6 448 448 448 448-200.6 448-448S759.4 65 512 65zm0 820c-205.4 0-372-166.6-372-372s166.6-372 372-372 372 166.6 372 372-166.6 372-372 372z"
            />
          </svg>
        </i>
        Your account has been frozen 
        <a>
          Thaw immediately &gt;
        </a>
      </span>
      <span>
        <i
          aria-label="icon: close-circle"
          class="anticon anticon-close-circle"
        >
          <svg
            aria-hidden="true"
            class=""
            data-icon="close-circle"
            fill="currentColor"
            focusable="false"
            height="1em"
            viewBox="64 64 896 896"
            width="1em"
          >
            <path
              d="M685.4 354.8c0-4.4-3.6-8-8-8l-66 .3L512 465.6l-99.3-118.4-66.1-.3c-4.4 0-8 3.5-8 8 0 1.9.7 3.7 1.9 5.2l130.1 155L340.5 670a8.32 8.32 0 0 0-1.9 5.2c0 4.4 3.6 8 8 8l66.1-.3L512 564.4l99.3 118.4 66 .3c4.4 0 8-3.5 8-8 0-1.9-.7-3.7-1.9-5.2L553.5 515l130.1-155c1.2-1.4 1.8-3.3 1.8-5.2z"
            />
            <path
              d="M512 65C264.6 65 64 265.6 64 513s200.6 448 448 448 448-200.6 448-448S759.4 65 512 65zm0 820c-205.4 0-372-166.6-372-372s166.6-372 372-372 372 166.6 372 372-166.6 372-372 372z"
            />
          </svg>
        </i>
        Your account is not yet eligible to apply 
        <a>
          Apply immediately &gt;
        </a>
      </span>
    </div>
  </div>
  <div
    class="ant-result-extra-view"
  >
    <button
      class="ant-btn ant-btn-primary"
      type="button"
    >
      <span>
        Go Console
      </span>
    </button>
    <button
      class="ant-btn"
      type="button"
    >
      <span>
        Buy Again
      </span>
    </button>
  </div>
</div>
`;

exports[`renders ./components/result/demo/customIcon.md correctly 1`] = `
<div
  class="ant-result"
>
  <div
    class="ant-result-icon-view ant-result-info"
  >
    <i
      aria-label="icon: smile"
      class="anticon anticon-smile"
    >
      <svg
        aria-hidden="true"
        class=""
        data-icon="smile"
        fill="currentColor"
        focusable="false"
        height="1em"
        viewBox="64 64 896 896"
        width="1em"
      >
        <path
          d="M512 64C264.6 64 64 264.6 64 512s200.6 448 448 448 448-200.6 448-448S759.4 64 512 64zm0 820c-205.4 0-372-166.6-372-372s166.6-372 372-372 372 166.6 372 372-166.6 372-372 372z"
          fill="#1890ff"
        />
        <path
          d="M512 140c-205.4 0-372 166.6-372 372s166.6 372 372 372 372-166.6 372-372-166.6-372-372-372zM288 421a48.01 48.01 0 0 1 96 0 48.01 48.01 0 0 1-96 0zm224 272c-85.5 0-155.6-67.3-160-151.6a8 8 0 0 1 8-8.4h48.1c4.2 0 7.8 3.2 8.1 7.4C420 589.9 461.5 629 512 629s92.1-39.1 95.8-88.6c.3-4.2 3.9-7.4 8.1-7.4H664a8 8 0 0 1 8 8.4C667.6 625.7 597.5 693 512 693zm176-224a48.01 48.01 0 0 1 0-96 48.01 48.01 0 0 1 0 96z"
          fill="#e6f7ff"
        />
        <path
          d="M288 421a48 48 0 1 0 96 0 48 48 0 1 0-96 0zm376 112h-48.1c-4.2 0-7.8 3.2-8.1 7.4-3.7 49.5-45.3 88.6-95.8 88.6s-92-39.1-95.8-88.6c-.3-4.2-3.9-7.4-8.1-7.4H360a8 8 0 0 0-8 8.4c4.4 84.3 74.5 151.6 160 151.6s155.6-67.3 160-151.6a8 8 0 0 0-8-8.4zm-24-112a48 48 0 1 0 96 0 48 48 0 1 0-96 0z"
          fill="#1890ff"
        />
      </svg>
    </i>
  </div>
  <div
    class="ant-result-title-view"
  >
    <div
      class="ant-result-title-view-title"
    >
      Great, we have done all the operations!
    </div>
  </div>
  <div
    class="ant-result-extra-view"
  >
    <button
      class="ant-btn ant-btn-primary"
      type="button"
    >
      <span>
        Next
      </span>
    </button>
  </div>
</div>
`;

exports[`renders ./components/result/demo/exception.md correctly 1`] = `
<div
  class="ant-result"
>
  <div
    class="ant-result-icon-view ant-result-404"
  >
    <img
      alt="404"
      class="ant-result-image"
      src="data:image/svg+xml;base64,PHN2ZyB3aWR0aD0iMjUyIiBoZWlnaHQ9IjI5NCIgeG1sbnM9Imh0dHA6Ly93d3cudzMub3JnLzIwMDAvc3ZnIiB4bWxuczp4bGluaz0iaHR0cDovL3d3dy53My5vcmcvMTk5OS94bGluayI+CiAgPGRlZnM+CiAgICA8cGF0aCBpZD0iYSIgZD0iTTAgLjM4N2gyNTEuNzcydjI1MS43NzJIMHoiLz4KICA8L2RlZnM+CiAgPGcgZmlsbD0ibm9uZSIgZmlsbC1ydWxlPSJldmVub2RkIj4KICAgIDxnIHRyYW5zZm9ybT0idHJhbnNsYXRlKDAgLjAxMikiPgogICAgICA8bWFzayBpZD0iYiIgZmlsbD0iI2ZmZiI+CiAgICAgICAgPHVzZSB4bGluazpocmVmPSIjYSIvPgogICAgICA8L21hc2s+CiAgICAgIDxwYXRoIGQ9Ik0wIDEyNy4zMnYtMi4wOTVDMCA1Ni4yNzkgNTUuODkyLjM4NyAxMjQuODM4LjM4N2gyLjA5NmM2OC45NDYgMCAxMjQuODM4IDU1Ljg5MiAxMjQuODM4IDEyNC44Mzh2Mi4wOTZjMCA2OC45NDYtNTUuODkyIDEyNC44MzgtMTI0LjgzOCAxMjQuODM4aC0yLjA5NkM1NS44OTIgMjUyLjE2IDAgMTk2LjI2NyAwIDEyNy4zMjEiIGZpbGw9IiNFNEVCRjciIG1hc2s9InVybCgjYikiLz4KICAgIDwvZz4KICAgIDxwYXRoIGQ9Ik0zOS43NTUgMTMwLjg0YTguMjc2IDguMjc2IDAgMSAxLTE2LjQ2OC0xLjY2IDguMjc2IDguMjc2IDAgMCAxIDE2LjQ2OCAxLjY2IiBmaWxsPSIjRkZGIi8+CiAgICA8cGF0aCBkPSJNMzYuOTc1IDEzNC4yOTdsMTAuNDgyIDUuOTQzTTQ4LjM3MyAxNDYuNTA4bC0xMi42NDggMTAuNzg4IiBzdHJva2U9IiNGRkYiIHN0cm9rZS13aWR0aD0iMiIvPgogICAgPHBhdGggZD0iTTM5Ljg3NSAxNTkuMzUyYTUuNjY3IDUuNjY3IDAgMSAxLTExLjI3Ny0xLjEzNiA1LjY2NyA1LjY2NyAwIDAgMSAxMS4yNzcgMS4xMzZNNTcuNTg4IDE0My4yNDdhNS43MDggNS43MDggMCAxIDEtMTEuMzU4LTEuMTQ1IDUuNzA4IDUuNzA4IDAgMCAxIDExLjM1OCAxLjE0NU05OS4wMTggMjYuODc1bDI5LjgyLS4wMTRhNC41ODcgNC41ODcgMCAxIDAtLjAwMy05LjE3NWwtMjkuODIuMDEzYTQuNTg3IDQuNTg3IDAgMSAwIC4wMDMgOS4xNzZNMTEwLjQyNCA0NS4yMTFsMjkuODItLjAxM2E0LjU4OCA0LjU4OCAwIDAgMC0uMDA0LTkuMTc1bC0yOS44Mi4wMTNhNC41ODcgNC41ODcgMCAxIDAgLjAwNCA5LjE3NSIgZmlsbD0iI0ZGRiIvPgogICAgPHBhdGggZD0iTTExMi43OTggMjYuODYxdi0uMDAybDE1Ljc4NC0uMDA2YTQuNTg4IDQuNTg4IDAgMSAwIC4wMDMgOS4xNzVsLTE1Ljc4My4wMDd2LS4wMDJhNC41ODYgNC41ODYgMCAwIDAtLjAwNC05LjE3Mk0xODQuNTIzIDEzNS42NjhjLS41NTMgNS40ODUtNS40NDcgOS40ODMtMTAuOTMxIDguOTMtNS40ODUtLjU1My05LjQ4My01LjQ0OC04LjkzLTEwLjkzMi41NTItNS40ODUgNS40NDctOS40ODMgMTAuOTMyLTguOTMgNS40ODUuNTUzIDkuNDgzIDUuNDQ3IDguOTMgMTAuOTMyIiBmaWxsPSIjRkZGIi8+CiAgICA8cGF0aCBkPSJNMTc5LjI2IDE0MS43NWwxMi42NCA3LjE2N00xOTMuMDA2IDE1Ni40NzdsLTE1LjI1NSAxMy4wMTEiIHN0cm9rZT0iI0ZGRiIgc3Ryb2tlLXdpZHRoPSIyIi8+CiAgICA8cGF0aCBkPSJNMTg0LjY2OCAxNzAuMDU3YTYuODM1IDYuODM1IDAgMSAxLTEzLjYtMS4zNzIgNi44MzUgNi44MzUgMCAwIDEgMTMuNiAxLjM3Mk0yMDMuMzQgMTUzLjMyNWE2Ljg4NSA2Ljg4NSAwIDEgMS0xMy43LTEuMzgyIDYuODg1IDYuODg1IDAgMCAxIDEzLjcgMS4zODIiIGZpbGw9IiNGRkYiLz4KICAgIDxwYXRoIGQ9Ik0xNTEuOTMxIDE5Mi4zMjRhMi4yMjIgMi4yMjIgMCAxIDEtNC40NDQgMCAyLjIyMiAyLjIyMiAwIDAgMSA0LjQ0NCAwek0yMjUuMjcgMTE2LjA1NmEyLjIyMiAyLjIyMiAwIDEgMS00LjQ0NSAwIDIuMjIyIDIuMjIyIDAgMCAxIDQuNDQ0IDB6TTIxNi4zOCAxNTEuMDhhMi4yMjMgMi4yMjMgMCAxIDEtNC40NDYtLjAwMSAyLjIyMyAyLjIyMyAwIDAgMSA0LjQ0NiAwek0xNzYuOTE3IDEwNy42MzZhMi4yMjMgMi4yMjMgMCAxIDEtNC40NDUgMCAyLjIyMyAyLjIyMyAwIDAgMSA0LjQ0NSAwek0xOTUuMjkxIDkyLjE2NWEyLjIyMyAyLjIyMyAwIDEgMS00LjQ0NSAwIDIuMjIzIDIuMjIzIDAgMCAxIDQuNDQ1IDB6TTIwMi4wNTggMTgwLjcxMWEyLjIyMyAyLjIyMyAwIDEgMS00LjQ0NiAwIDIuMjIzIDIuMjIzIDAgMCAxIDQuNDQ2IDB6IiBzdHJva2U9IiNGRkYiIHN0cm9rZS13aWR0aD0iMiIvPgogICAgPHBhdGggc3Ryb2tlPSIjRkZGIiBzdHJva2Utd2lkdGg9IjIiIGQ9Ik0yMTQuNDA0IDE1My4zMDJsLTEuOTEyIDIwLjE4NC0xMC45MjggNS45OU0xNzMuNjYxIDE3NC43OTJsLTYuMzU2IDkuODE0aC0xMS4zNmwtNC41MDggNi40ODRNMTc0Ljk0MSAxMjUuMTY4di0xNS44MDRNMjIwLjgyNCAxMTcuMjVsLTEyLjg0IDcuOTAxLTE1LjMxLTcuOTAyVjk0LjM5Ii8+CiAgICA8cGF0aCBkPSJNMTY2LjU4OCA2NS45MzZoLTMuOTUxYTQuNzU2IDQuNzU2IDAgMCAxLTQuNzQzLTQuNzQyIDQuNzU2IDQuNzU2IDAgMCAxIDQuNzQzLTQuNzQzaDMuOTUxYTQuNzU2IDQuNzU2IDAgMCAxIDQuNzQzIDQuNzQzIDQuNzU2IDQuNzU2IDAgMCAxLTQuNzQzIDQuNzQyIiBmaWxsPSIjRkZGIi8+CiAgICA8cGF0aCBkPSJNMTc0LjgyMyAzMC4wM2MwLTE2LjI4MSAxMy4xOTgtMjkuNDggMjkuNDgtMjkuNDggMTYuMjggMCAyOS40OCAxMy4xOTkgMjkuNDggMjkuNDggMCAxNi4yOC0xMy4yIDI5LjQ4LTI5LjQ4IDI5LjQ4LTE2LjI4MiAwLTI5LjQ4LTEzLjItMjkuNDgtMjkuNDgiIGZpbGw9IiMxODkwRkYiLz4KICAgIDxwYXRoIGQ9Ik0yMDUuOTUyIDM4LjM4N2MuNS41Ljc4NSAxLjE0Mi43ODUgMS45MjhzLS4yODYgMS40NjUtLjc4NSAxLjk2NGMtLjU3Mi41LTEuMjE0Ljc1LTIgLjc1LS43ODUgMC0xLjQyOS0uMjg1LTEuOTI5LS43ODUtLjU3Mi0uNS0uODItMS4xNDMtLjgyLTEuOTI5cy4yNDgtMS40MjguODItMS45MjhjLjUtLjUgMS4xNDQtLjc1IDEuOTMtLjc1Ljc4NSAwIDEuNDYyLjI1IDEuOTk5Ljc1bTQuMjg1LTE5LjQ2M2MxLjQyOCAxLjI0OSAyLjE0MyAyLjk2MyAyLjE0MyA1LjE0MiAwIDEuNzEyLS40MjcgMy4xMy0xLjIxOSA0LjI1LS4wNjcuMDk2LS4xMzcuMTgtLjIxOC4yNjUtLjQxNi40MjktMS40MSAxLjM0Ni0yLjk1NiAyLjY5OWE1LjA3IDUuMDcgMCAwIDAtMS40MjggMS43NSA1LjIwNyA1LjIwNyAwIDAgMC0uNTM2IDIuMzU3di41aC00LjEwN3YtLjVjMC0xLjM1Ny4yMTUtMi41MzYuNzE0LTMuNS40NjQtLjk2NCAxLjg1Ny0yLjQ2NCA0LjE3OC00LjUzNmwuNDMtLjVjLjY0My0uNzg1Ljk2NC0xLjY0My45NjQtMi41MzUgMC0xLjE4LS4zNTgtMi4xMDgtMS0yLjc4NS0uNjc4LS42OC0xLjY0My0xLjAwMS0yLjg1OC0xLjAwMS0xLjUzNiAwLTIuNjQyLjQ2NC0zLjM1NyAxLjQzLS4zNy41LS42MjEgMS4xMzUtLjc2IDEuOTA0YTEuOTk5IDEuOTk5IDAgMCAxLTEuOTcxIDEuNjNoLS4wMDRjLTEuMjc3IDAtMi4yNTctMS4xODMtMS45OC0yLjQzLjMzNy0xLjUxOCAxLjAyLTIuNzggMi4wNzMtMy43ODQgMS41MzYtMS41IDMuNjA3LTIuMjUgNi4yNS0yLjI1IDIuMzIgMCA0LjIxNC42MDcgNS42NDIgMS44OTQiIGZpbGw9IiNGRkYiLz4KICAgIDxwYXRoIGQ9Ik01Mi4wNCA3Ni4xMzFzMjEuODEgNS4zNiAyNy4zMDcgMTUuOTQ1YzUuNTc1IDEwLjc0LTYuMzUyIDkuMjYtMTUuNzMgNC45MzUtMTAuODYtNS4wMDgtMjQuNy0xMS44MjItMTEuNTc3LTIwLjg4IiBmaWxsPSIjRkZCNTk0Ii8+CiAgICA8cGF0aCBkPSJNOTAuNDgzIDY3LjUwNGwtLjQ0OSAyLjg5M2MtLjc1My40OS00Ljc0OC0yLjY2My00Ljc0OC0yLjY2M2wtMS42NDUuNzQ4LTEuMzQ2LTUuNjg0czYuODE1LTQuNTg5IDguOTE3LTUuMDE4YzIuNDUyLS41MDEgOS44ODQuOTQgMTAuNyAyLjI3OCAwIDAgMS4zMi40ODYtMi4yMjcuNjktMy41NDguMjAzLTUuMDQzLjQ0Ny02Ljc5IDMuMTMyLTEuNzQ3IDIuNjg2LTIuNDEyIDMuNjI0LTIuNDEyIDMuNjI0IiBmaWxsPSIjRkZDNkEwIi8+CiAgICA8cGF0aCBkPSJNMTI4LjA1NSAxMTEuMzY3Yy0yLjYyNy03LjcyNC02LjE1LTEzLjE4LTguOTE3LTE1LjQ3OC0zLjUtMi45MDYtOS4zNC0yLjIyNS0xMS4zNjYtNC4xODctMS4yNy0xLjIzMS0zLjIxNS0xLjE5Ny0zLjIxNS0xLjE5N3MtMTQuOTgtMy4xNTgtMTYuODI4LTMuNDc5Yy0yLjM3LS40MS0yLjEyNC0uNzE0LTYuMDU0LTEuNDA1LTEuNTctMS45MDctMi45MTctMS4xMjItMi45MTctMS4xMjJsLTcuMTEtMS4zODNjLS44NTMtMS40NzItMi40MjMtMS4wMjMtMi40MjMtMS4wMjNsLTIuNDY4LS44OTdjLTEuNjQ1IDkuOTc2LTcuNzQgMTMuNzk2LTcuNzQgMTMuNzk2IDEuNzk1IDEuMTIyIDE1LjcwMyA4LjMgMTUuNzAzIDguM2w1LjEwNyAzNy4xMXMtMy4zMjEgNS42OTQgMS4zNDYgOS4xMDljMCAwIDE5Ljg4My0zLjc0MyAzNC45MjEtLjMyOSAwIDAgMy4wNDctMi41NDYuOTcyLTguODA2LjUyMy0zLjAxIDEuMzk0LTguMjYzIDEuNzM2LTExLjYyMi4zODUuNzcyIDIuMDE5IDEuOTE4IDMuMTQgMy40NzcgMCAwIDkuNDA3LTcuMzY1IDExLjA1Mi0xNC4wMTItLjgzMi0uNzIzLTEuNTk4LTEuNTg1LTIuMjY3LTIuNDUzLS41NjctLjczNi0uMzU4LTIuMDU2LS43NjUtMi43MTctLjY2OS0xLjA4NC0xLjgwNC0xLjM3OC0xLjkwNy0xLjY4MiIgZmlsbD0iI0ZGRiIvPgogICAgPHBhdGggZD0iTTEwMS4wOSAyODkuOTk4czQuMjk1IDIuMDQxIDcuMzU0IDEuMDIxYzIuODIxLS45NCA0LjUzLjY2OCA3LjA4IDEuMTc4IDIuNTUuNTEgNi44NzQgMS4xIDExLjY4Ni0xLjI2LS4xMDMtNS41MS02Ljg4OS0zLjk4LTExLjk2LTYuNzEzLTIuNTYzLTEuMzgtMy43ODQtNC43MjItMy41OTgtOC43OTloLTkuNDAycy0xLjM5MiAxMC41Mi0xLjE2IDE0LjU3MyIgZmlsbD0iI0NCRDFEMSIvPgogICAgPHBhdGggZD0iTTEwMS4wNjcgMjg5LjgyNnMyLjQyOCAxLjI3MSA2Ljc1OS42NTNjMy4wNTgtLjQzNyAzLjcxMi40ODEgNy40MjMgMS4wMzEgMy43MTIuNTUgMTAuNzI0LS4wNjkgMTEuODIzLS44OTQuNDEzIDEuMS0uMzQzIDIuMDYzLS4zNDMgMi4wNjNzLTEuNTEyLjYwMy00LjgxMi44MjRjLTIuMDMuMTM2LTUuOC4yOTEtNy42MDctLjUwMy0xLjc4Ny0xLjM3NS01LjI0Ny0xLjkwMy01LjcyOC0uMjQxLTMuOTE4Ljk1LTcuMzU1LS4yODYtNy4zNTUtLjI4NmwtLjE2LTIuNjQ3eiIgZmlsbD0iIzJCMDg0OSIvPgogICAgPHBhdGggZD0iTTEwOC4zNDEgMjc2LjA0NGgzLjA5NHMtLjEwMyA2LjcwMiA0LjUzNiA4LjU1OGMtNC42NC42MTgtOC41NTgtMi4zMDMtNy42My04LjU1OCIgZmlsbD0iI0E0QUFCQSIvPgogICAgPHBhdGggZD0iTTU3LjU0MiAyNzIuNDAxcy0yLjEwNyA3LjQxNi00LjQ4NSAxMi4zMDZjLTEuNzk4IDMuNjk1LTQuMjI1IDcuNDkyIDUuNDY1IDcuNDkyIDYuNjQ4IDAgOC45NTMtLjQ4IDcuNDIzLTYuNTk5LTEuNTMtNi4xMi4yNjYtMTMuMTk5LjI2Ni0xMy4xOTloLTguNjY5eiIgZmlsbD0iI0NCRDFEMSIvPgogICAgPHBhdGggZD0iTTUxLjQ3NiAyODkuNzkzczIuMDk3IDEuMTY5IDYuNjMzIDEuMTY5YzYuMDgzIDAgOC4yNDktMS42NSA4LjI0OS0xLjY1cy42MDIgMS4xMTQtLjYxOSAyLjE2NWMtLjk5My44NTUtMy41OTcgMS41OTEtNy4zOSAxLjU0Ni00LjE0NS0uMDQ4LTUuODMyLS41NjYtNi43MzYtMS4xNjgtLjgyNS0uNTUtLjY4Ny0xLjU4LS4xMzctMi4wNjIiIGZpbGw9IiMyQjA4NDkiLz4KICAgIDxwYXRoIGQ9Ik01OC40MTkgMjc0LjMwNHMuMDMzIDEuNTE5LS4zMTQgMi45M2MtLjM0OSAxLjQyLTEuMDc4IDMuMTA0LTEuMTMgNC4xMzktLjA1OCAxLjE1MSA0LjUzNyAxLjU4IDUuMTU1LjAzNC42Mi0xLjU0NyAxLjI5NC02LjQyNyAxLjkxMy03LjI1Mi42MTktLjgyNS00LjkwMy0yLjExOS01LjYyNC4xNSIgZmlsbD0iI0E0QUFCQSIvPgogICAgPHBhdGggZD0iTTk5LjY2IDI3OC41MTRsMTMuMzc4LjA5MnMxLjI5OC01NC41MiAxLjg1My02NC40MDNjLjU1NC05Ljg4MiAzLjc3Ni00My4zNjQgMS4wMDItNjMuMTI4bC0xMi41NDctLjY0NC0yMi44NDkuNzhzLS40MzQgMy45NjYtMS4xOTUgOS45NzZjLS4wNjMuNDk2LS42ODIuODQzLS43NDkgMS4zNjUtLjA3NS41ODUuNDIzIDEuMzU0LjMyIDEuOTY2LTIuMzY0IDE0LjA4LTYuMzc3IDMzLjEwNC04Ljc0NCA0Ni42NzctLjExNi42NjYtMS4yMzQgMS4wMDktMS40NTggMi42OTEtLjA0LjMwMi4yMTEgMS41MjUuMTEyIDEuNzk1LTYuODczIDE4Ljc0NC0xMC45NDkgNDcuODQyLTE0LjI3NyA2MS44ODVsMTQuNjA3LS4wMTRzMi4xOTctOC41NyA0LjAzLTE2Ljk3YzIuODExLTEyLjg4NiAyMy4xMTEtODUuMDEgMjMuMTExLTg1LjAxbDMuMDE2LS41MjEgMS4wNDMgNDYuMzVzLS4yMjQgMS4yMzQuMzM3IDIuMDJjLjU2Ljc4NS0uNTYgMS4xMjMtLjM5MiAyLjI0NGwuMzkyIDEuNzk0cy0uNDQ5IDcuMTc4LS44OTggMTEuODljLS40NDggNC43MS0uMDkyIDM5LjE2NS0uMDkyIDM5LjE2NSIgZmlsbD0iIzdCQjJGOSIvPgogICAgPHBhdGggZD0iTTc2LjA4NSAyMjEuNjI2YzEuMTUzLjA5NCA0LjAzOC0yLjAxOSA2Ljk1NS00LjkzNU0xMDYuMzYgMjI1LjE0MnMyLjc3NC0xLjExIDYuMTAzLTMuODgzIiBzdHJva2U9IiM2NDhCRDgiIHN0cm9rZS13aWR0aD0iMS4wNTEiIHN0cm9rZS1saW5lY2FwPSJyb3VuZCIgc3Ryb2tlLWxpbmVqb2luPSJyb3VuZCIvPgogICAgPHBhdGggZD0iTTEwNy4yNzUgMjIyLjFzMi43NzMtMS4xMSA2LjEwMi0zLjg4NCIgc3Ryb2tlPSIjNjQ4QkQ4IiBzdHJva2UtbGluZWNhcD0icm91bmQiIHN0cm9rZS1saW5lam9pbj0icm91bmQiLz4KICAgIDxwYXRoIGQ9Ik03NC43NCAyMjQuNzY3czIuNjIyLS41OTEgNi41MDUtMy4zNjVNODYuMDMgMTUxLjYzNGMtLjI3IDMuMTA2LjMgOC41MjUtNC4zMzYgOS4xMjNNMTAzLjYyNSAxNDkuODhzLjExIDE0LjAxMi0xLjI5MyAxNS4wNjVjLTIuMjE5IDEuNjY0LTIuOTkgMS45NDQtMi45OSAxLjk0NE05OS43OSAxNTAuNDM4cy4wMzUgMTIuODgtMS4xOTYgMjQuMzc3TTkzLjY3MyAxNzUuOTExczcuMjEyLTEuNjY0IDkuNDMxLTEuNjY0TTc0LjMxIDIwNS44NjFhMjEyLjAxMyAyMTIuMDEzIDAgMCAxLS45NzkgNC41NnMtMS40NTggMS44MzItMS4wMDkgMy43NzZjLjQ0OSAxLjk0NC0uOTQ3IDIuMDQ1LTQuOTg1IDE1LjM1NS0xLjY5NiA1LjU5LTQuNDkgMTguNTkxLTYuMzQ4IDI3LjU5N2wtLjIzMSAxLjEyTTc1LjY4OSAxOTcuODA3YTMyMC45MzQgMzIwLjkzNCAwIDAgMS0uODgyIDQuNzU0TTgyLjU5MSAxNTIuMjMzTDgxLjM5NSAxNjIuN3MtMS4wOTcuMTUtLjUgMi4yNDRjLjExMyAxLjM0Ni0yLjY3NCAxNS43NzUtNS4xOCAzMC40M001Ni4xMiAyNzQuNDE4aDEzLjMxIiBzdHJva2U9IiM2NDhCRDgiIHN0cm9rZS13aWR0aD0iMS4wNTEiIHN0cm9rZS1saW5lY2FwPSJyb3VuZCIgc3Ryb2tlLWxpbmVqb2luPSJyb3VuZCIvPgogICAgPHBhdGggZD0iTTExNi4yNDEgMTQ4LjIycy0xNy4wNDctMy4xMDQtMzUuODkzLjJjLjE1OCAyLjUxNC0uMDAzIDQuMTUtLjAwMyA0LjE1czE0LjY4Ny0yLjgxOCAzNS42Ny0uMzEyYy4yNTItMi4zNTUuMjI2LTQuMDM4LjIyNi00LjAzOCIgZmlsbD0iIzE5MjA2NCIvPgogICAgPHBhdGggZD0iTTEwNi4zMjIgMTUxLjE2NWwuMDAzLTQuOTExYS44MS44MSAwIDAgMC0uNzc4LS44MTVjLTIuNDQtLjA5MS01LjA2Ni0uMTA4LTcuODM2LS4wMTRhLjgxOC44MTggMCAwIDAtLjc4OS44MTVsLS4wMDMgNC45MDZhLjgxLjgxIDAgMCAwIC44MzEuODEzYzIuMzg1LS4wNiA0Ljk3My0uMDY0IDcuNzMuMDE3YS44MTUuODE1IDAgMCAwIC44NDItLjgxIiBmaWxsPSIjRkZGIi8+CiAgICA8cGF0aCBkPSJNMTA1LjIwNyAxNTAuMjMzbC4wMDItMy4wNzZhLjY0Mi42NDIgMCAwIDAtLjYxOS0uNjQ2IDk0LjMyMSA5NC4zMjEgMCAwIDAtNS44NjYtLjAxLjY1LjY1IDAgMCAwLS42My42NDd2My4wNzJhLjY0LjY0IDAgMCAwIC42NTQuNjQ0IDEyMS4xMiAxMjEuMTIgMCAwIDEgNS43OTQuMDExYy4zNjIuMDEuNjY1LS4yOC42NjUtLjY0MiIgZmlsbD0iIzE5MjA2NCIvPgogICAgPHBhdGggZD0iTTEwMC4yNjMgMjc1LjQxNWgxMi4zMzhNMTAxLjQzNiAyNzAuNTNjLjAwNiAzLjM4Ny4wNDIgNS43OS4xMTEgNi41MDZNMTAxLjQ1MSAyNjQuNTQ4YTkxNS43NSA5MTUuNzUgMCAwIDAtLjAxNSA0LjMzN00xMDAuOTg2IDE3NC45NjVsLjg5OCA0NC42NDJzLjY3MyAxLjU3LS4yMjUgMi42OTJjLS44OTcgMS4xMjIgMi40NjguNjczLjg5OCAyLjI0My0xLjU3IDEuNTcuODk3IDEuMTIyIDAgMy4zNjUtLjU5NiAxLjQ4OS0uOTk0IDIxLjEtMS4wOTYgMzUuMTQ2IiBzdHJva2U9IiM2NDhCRDgiIHN0cm9rZS13aWR0aD0iMS4wNTEiIHN0cm9rZS1saW5lY2FwPSJyb3VuZCIgc3Ryb2tlLWxpbmVqb2luPSJyb3VuZCIvPgogICAgPHBhdGggZD0iTTQ2Ljg3NiA4My40MjdzLS41MTYgNi4wNDUgNy4yMjMgNS41NTJjMTEuMi0uNzEyIDkuMjE4LTkuMzQ1IDMxLjU0LTIxLjY1NS0uNzg2LTIuNzA4LTIuNDQ3LTQuNzQ0LTIuNDQ3LTQuNzQ0cy0xMS4wNjggMy4xMS0yMi41ODQgOC4wNDZjLTYuNzY2IDIuOS0xMy4zOTUgNi4zNTItMTMuNzMyIDEyLjgwMU0xMDQuNDYgOTEuMDU3bC45NDEtNS4zNzItOC44ODQtMTEuNDMtNS4wMzcgNS4zNzItMS43NCA3LjgzNGEuMzIxLjMyMSAwIDAgMCAuMTA4LjMyYy45NjUuOCA2LjUgNS4wMTMgMTQuMzQ3IDMuNTQ0YS4zMzIuMzMyIDAgMCAwIC4yNjQtLjI2OCIgZmlsbD0iI0ZGQzZBMCIvPgogICAgPHBhdGggZD0iTTkzLjk0MiA3OS4zODdzLTQuNTMzLTIuODUzLTIuNDMyLTYuODU1YzEuNjIzLTMuMDkgNC41MTMgMS4xMzMgNC41MTMgMS4xMzNzLjUyLTMuNjQyIDMuMTIxLTMuNjQyYy41Mi0xLjA0IDEuNTYxLTQuMTYyIDEuNTYxLTQuMTYyczExLjQ0NSAyLjYwMSAxMy41MjYgMy4xMjFjMCA1LjIwMy0yLjMwNCAxOS40MjQtNy44NCAxOS44NjEtOC44OTIuNzAzLTEyLjQ0OS05LjQ1Ni0xMi40NDktOS40NTYiIGZpbGw9IiNGRkM2QTAiLz4KICAgIDxwYXRoIGQ9Ik0xMTMuODc0IDczLjQ0NmMyLjYwMS0yLjA4MSAzLjQ3LTkuNzIyIDMuNDctOS43MjJzLTIuNDc5LS40OS02LjY0LTIuMDVjLTQuNjgzLTIuMDgxLTEyLjc5OC00Ljc0Ny0xNy40OC45NzYtOS42NjggMy4yMjMtMi4wNSAxOS44MjMtMi4wNSAxOS44MjNsMi43MTMtMy4wMjFzLTMuOTM1LTMuMjg3LTIuMDgtNi4yNDNjMi4xNy0zLjQ2MiAzLjkyIDEuMDczIDMuOTIgMS4wNzNzLjYzNy0yLjM4NyAzLjU4MS0zLjM0MmMuMzU1LS43MSAxLjAzNi0yLjY3NCAxLjQzMi0zLjg1YTEuMDczIDEuMDczIDAgMCAxIDEuMjYzLS43MDRjMi40LjU1OCA4LjY3NyAyLjAxOSAxMS4zNTYgMi42NjIuNTIyLjEyNS44NzEuNjE1LjgyIDEuMTVsLS4zMDUgMy4yNDh6IiBmaWxsPSIjNTIwMDM4Ii8+CiAgICA8cGF0aCBkPSJNMTA0Ljk3NyA3Ni4wNjRjLS4xMDMuNjEtLjU4MiAxLjAzOC0xLjA3Ljk1Ni0uNDg5LS4wODMtLjgwMS0uNjQ0LS42OTgtMS4yNTQuMTAzLS42MS41ODItMS4wMzggMS4wNy0uOTU2LjQ4OC4wODIuOC42NDQuNjk4IDEuMjU0TTExMi4xMzIgNzcuNjk0Yy0uMTAzLjYxLS41ODIgMS4wMzgtMS4wNy45NTYtLjQ4OC0uMDgzLS44LS42NDQtLjY5OC0xLjI1NC4xMDMtLjYxLjU4Mi0xLjAzOCAxLjA3LS45NTYuNDg4LjA4Mi44LjY0My42OTggMS4yNTQiIGZpbGw9IiM1NTI5NTAiLz4KICAgIDxwYXRoIHN0cm9rZT0iI0RCODM2RSIgc3Ryb2tlLXdpZHRoPSIxLjExOCIgc3Ryb2tlLWxpbmVjYXA9InJvdW5kIiBzdHJva2UtbGluZWpvaW49InJvdW5kIiBkPSJNMTEwLjEzIDc0Ljg0bC0uODk2IDEuNjEtLjI5OCA0LjM1N2gtMi4yMjgiLz4KICAgIDxwYXRoIGQ9Ik0xMTAuODQ2IDc0LjQ4MXMxLjc5LS43MTYgMi41MDYuNTM3IiBzdHJva2U9IiM1QzI1NTIiIHN0cm9rZS13aWR0aD0iMS4xMTgiIHN0cm9rZS1saW5lY2FwPSJyb3VuZCIgc3Ryb2tlLWxpbmVqb2luPSJyb3VuZCIvPgogICAgPHBhdGggZD0iTTkyLjM4NiA3NC4yODJzLjQ3Ny0xLjExNCAxLjExMy0uNzE2Yy42MzcuMzk4IDEuMjc0IDEuNDMzLjU1OCAxLjk5LS43MTcuNTU2LjE1OSAxLjY3LjE1OSAxLjY3IiBzdHJva2U9IiNEQjgzNkUiIHN0cm9rZS13aWR0aD0iMS4xMTgiIHN0cm9rZS1saW5lY2FwPSJyb3VuZCIgc3Ryb2tlLWxpbmVqb2luPSJyb3VuZCIvPgogICAgPHBhdGggZD0iTTEwMy4yODcgNzIuOTNzMS44MyAxLjExMyA0LjEzNy45NTQiIHN0cm9rZT0iIzVDMjU1MiIgc3Ryb2tlLXdpZHRoPSIxLjExOCIgc3Ryb2tlLWxpbmVjYXA9InJvdW5kIiBzdHJva2UtbGluZWpvaW49InJvdW5kIi8+CiAgICA8cGF0aCBkPSJNMTAzLjY4NSA4MS43NjJzMi4yMjcgMS4xOTMgNC4zNzYgMS4xOTNNMTA0LjY0IDg0LjMwOHMuOTU0LjM5OCAxLjUxMS4zMThNOTQuNjkzIDgxLjIwNXMyLjMwOCA3LjQgMTAuNDI0IDcuNjM5IiBzdHJva2U9IiNEQjgzNkUiIHN0cm9rZS13aWR0aD0iMS4xMTgiIHN0cm9rZS1saW5lY2FwPSJyb3VuZCIgc3Ryb2tlLWxpbmVqb2luPSJyb3VuZCIvPgogICAgPHBhdGggZD0iTTgxLjQ1IDg5LjM4NHMuNDUgNS42NDctNC45MzUgMTIuNzg3TTY5IDgyLjY1NHMtLjcyNiA5LjI4Mi04LjIwNCAxNC4yMDYiIHN0cm9rZT0iI0U0RUJGNyIgc3Ryb2tlLXdpZHRoPSIxLjEwMSIgc3Ryb2tlLWxpbmVjYXA9InJvdW5kIiBzdHJva2UtbGluZWpvaW49InJvdW5kIi8+CiAgICA8cGF0aCBkPSJNMTI5LjQwNSAxMjIuODY1cy01LjI3MiA3LjQwMy05LjQyMiAxMC43NjgiIHN0cm9rZT0iI0U0RUJGNyIgc3Ryb2tlLXdpZHRoPSIxLjA1MSIgc3Ryb2tlLWxpbmVjYXA9InJvdW5kIiBzdHJva2UtbGluZWpvaW49InJvdW5kIi8+CiAgICA8cGF0aCBkPSJNMTE5LjMwNiAxMDcuMzI5cy40NTIgNC4zNjYtMi4xMjcgMzIuMDYyIiBzdHJva2U9IiNFNEVCRjciIHN0cm9rZS13aWR0aD0iMS4xMDEiIHN0cm9rZS1saW5lY2FwPSJyb3VuZCIgc3Ryb2tlLWxpbmVqb2luPSJyb3VuZCIvPgogICAgPHBhdGggZD0iTTE1MC4wMjggMTUxLjIzMmgtNDkuODM3YTEuMDEgMS4wMSAwIDAgMS0xLjAxLTEuMDF2LTMxLjY4OGMwLS41NTcuNDUyLTEuMDEgMS4wMS0xLjAxaDQ5LjgzN2MuNTU4IDAgMS4wMS40NTMgMS4wMSAxLjAxdjMxLjY4OGExLjAxIDEuMDEgMCAwIDEtMS4wMSAxLjAxIiBmaWxsPSIjRjJEN0FEIi8+CiAgICA8cGF0aCBkPSJNMTUwLjI5IDE1MS4yMzJoLTE5Ljg2M3YtMzMuNzA3aDIwLjc4NHYzMi43ODZhLjkyLjkyIDAgMCAxLS45Mi45MiIgZmlsbD0iI0Y0RDE5RCIvPgogICAgPHBhdGggZD0iTTEyMy41NTQgMTI3Ljg5Nkg5Mi45MTdhLjUxOC41MTggMCAwIDEtLjQyNS0uODE2bDYuMzgtOS4xMTNjLjE5My0uMjc3LjUxLS40NDIuODUtLjQ0MmgzMS4wOTJsLTcuMjYgMTAuMzcxeiIgZmlsbD0iI0YyRDdBRCIvPgogICAgPHBhdGggZmlsbD0iI0NDOUI2RSIgZD0iTTEyMy42ODkgMTI4LjQ0N0g5OS4yNXYtLjUxOWgyNC4xNjlsNy4xODMtMTAuMjYuNDI0LjI5OHoiLz4KICAgIDxwYXRoIGQ9Ik0xNTguMjk4IDEyNy44OTZoLTE4LjY2OWEyLjA3MyAyLjA3MyAwIDAgMS0xLjY1OS0uODNsLTcuMTU2LTkuNTQxaDE5Ljk2NWMuNDkgMCAuOTUuMjMgMS4yNDQuNjIybDYuNjkgOC45MmEuNTE5LjUxOSAwIDAgMS0uNDE1LjgzIiBmaWxsPSIjRjREMTlEIi8+CiAgICA8cGF0aCBmaWxsPSIjQ0M5QjZFIiBkPSJNMTU3Ljg0NyAxMjguNDc5aC0xOS4zODRsLTcuODU3LTEwLjQ3NS40MTUtLjMxIDcuNyAxMC4yNjZoMTkuMTI2ek0xMzAuNTU0IDE1MC42ODVsLS4wMzItOC4xNzcuNTE5LS4wMDIuMDMyIDguMTc3eiIvPgogICAgPHBhdGggZmlsbD0iI0NDOUI2RSIgZD0iTTEzMC41MTEgMTM5Ljc4M2wtLjA4LTIxLjQxNC41MTktLjAwMi4wOCAyMS40MTR6TTExMS44NzYgMTQwLjkzMmwtLjQ5OC0uMTQzIDEuNDc5LTUuMTY3LjQ5OC4xNDN6TTEwOC40MzcgMTQxLjA2bC0yLjY3OS0yLjkzNSAyLjY2NS0zLjQzNC40MS4zMTgtMi4zOTcgMy4wODkgMi4zODQgMi42MTJ6TTExNi42MDcgMTQxLjA2bC0uMzgzLS4zNSAyLjM4My0yLjYxMi0yLjM5Ny0zLjA4OS40MS0uMzE4IDIuNjY1IDMuNDM0eiIvPgogICAgPHBhdGggZD0iTTE1NC4zMTYgMTMxLjg5MmwtMy4xMTQtMS45Ni4wMzggMy41MTQtMS4wNDMuMDkyYy0xLjY4Mi4xMTUtMy42MzQuMjMtNC43ODkuMjMtMS45MDIgMC0yLjY5MyAyLjI1OCAyLjIzIDIuNjQ4bC0yLjY0NS0uNTk2cy0yLjE2OCAxLjMxNy41MDQgMi4zYzAgMC0xLjU4IDEuMjE3LjU2MSAyLjU4LS41ODQgMy41MDQgNS4yNDcgNC4wNTggNy4xMjIgMy41OSAxLjg3Ni0uNDcgNC4yMzMtMi4zNTkgNC40ODctNS4xNi4yOC0zLjA4NS0uODktNS40MzItMy4zNS03LjIzOCIgZmlsbD0iI0ZGQzZBMCIvPgogICAgPHBhdGggZD0iTTE1My42ODYgMTMzLjU3N3MtNi41MjIuNDctOC4zNi4zNzJjLTEuODM2LS4wOTgtMS45MDQgMi4xOSAyLjM1OSAyLjI2NCAzLjczOS4xNSA1LjQ1MS0uMDQ0IDUuNDUxLS4wNDQiIHN0cm9rZT0iI0RCODM2RSIgc3Ryb2tlLXdpZHRoPSIxLjA1MSIgc3Ryb2tlLWxpbmVjYXA9InJvdW5kIiBzdHJva2UtbGluZWpvaW49InJvdW5kIi8+CiAgICA8cGF0aCBkPSJNMTQ1LjE2IDEzNS44NzdjLTEuODUgMS4zNDYuNTYxIDIuMzU1LjU2MSAyLjM1NXMzLjQ3OC44OTggNi43My42MTciIHN0cm9rZT0iI0RCODM2RSIgc3Ryb2tlLXdpZHRoPSIxLjA1MSIgc3Ryb2tlLWxpbmVjYXA9InJvdW5kIiBzdHJva2UtbGluZWpvaW49InJvdW5kIi8+CiAgICA8cGF0aCBkPSJNMTUxLjg5IDE0MS43MXMtNi4yOC4xMTEtNi43My0yLjEzMmMtLjIyMy0xLjM0Ni40NS0xLjQwMi40NS0xLjQwMk0xNDYuMTE0IDE0MC44NjhzLTEuMTAzIDMuMTYgNS40NCAzLjUzM00xNTEuMjAyIDEyOS45MzJ2My40NzdNNTIuODM4IDg5LjI4NmMzLjUzMy0uMzM3IDguNDIzLTEuMjQ4IDEzLjU4Mi03Ljc1NCIgc3Ryb2tlPSIjREI4MzZFIiBzdHJva2Utd2lkdGg9IjEuMDUxIiBzdHJva2UtbGluZWNhcD0icm91bmQiIHN0cm9rZS1saW5lam9pbj0icm91bmQiLz4KICAgIDxwYXRoIGQ9Ik0xNjguNTY3IDI0OC4zMThhNi42NDcgNi42NDcgMCAwIDEtNi42NDctNi42NDd2LTY2LjQ2NmE2LjY0NyA2LjY0NyAwIDEgMSAxMy4yOTQgMHY2Ni40NjZhNi42NDcgNi42NDcgMCAwIDEtNi42NDcgNi42NDciIGZpbGw9IiM1QkEwMkUiLz4KICAgIDxwYXRoIGQ9Ik0xNzYuNTQzIDI0Ny42NTNhNi42NDcgNi42NDcgMCAwIDEtNi42NDYtNi42NDd2LTMzLjIzMmE2LjY0NyA2LjY0NyAwIDEgMSAxMy4yOTMgMHYzMy4yMzJhNi42NDcgNi42NDcgMCAwIDEtNi42NDcgNi42NDciIGZpbGw9IiM5MkMxMTAiLz4KICAgIDxwYXRoIGQ9Ik0xODYuNDQzIDI5My42MTNIMTU4LjkyYTMuMTg3IDMuMTg3IDAgMCAxLTMuMTg3LTMuMTg3di00Ni4xMzRhMy4xODcgMy4xODcgMCAwIDEgMy4xODctMy4xODdoMjcuNTI0YTMuMTg3IDMuMTg3IDAgMCAxIDMuMTg3IDMuMTg3djQ2LjEzNGEzLjE4NyAzLjE4NyAwIDAgMS0zLjE4NyAzLjE4NyIgZmlsbD0iI0YyRDdBRCIvPgogICAgPHBhdGggZD0iTTg4Ljk3OSA4OS40OHM3Ljc3NiA1LjM4NCAxNi42IDIuODQyIiBzdHJva2U9IiNFNEVCRjciIHN0cm9rZS13aWR0aD0iMS4xMDEiIHN0cm9rZS1saW5lY2FwPSJyb3VuZCIgc3Ryb2tlLWxpbmVqb2luPSJyb3VuZCIvPgogIDwvZz4KPC9zdmc+Cg=="
    />
  </div>
  <div
    class="ant-result-title-view"
  >
    <div
      class="ant-result-title-view-title"
    >
      404
    </div>
    <div
      class="ant-result-title-view-subtitle"
    >
      Sorry, the page you visited does not exist.
    </div>
  </div>
  <div
    class="ant-result-extra-view"
  >
    <button
      class="ant-btn ant-btn-primary"
      type="button"
    >
      <span>
        Back Home
      </span>
    </button>
  </div>
</div>
`;
